{
"height_cm": 166,
"weight_kg": 84.4, 
"asa_score": 1, 
"is_woman": true,
"PAS": 125, 
"PAD": 74,
"FC": 57, 
"SpO2_percentage": null, 
"MET_superior_to_4": true,
"HTA": false, 
"diabetes": false, 
"dyslipidemia": false, 
"smoking": false, 
"IMC": 30.6, 
"cardiopathie_rythmique": false,
"coronaropathie": false, 
"cardiopathie_valvulaire": false,
"cardiopathie_hypertrophique": false,
"AOMI": false, 
"insuffisance_renale_chronique": false,
"DFG": null,
"FEVG": null,
"insuffisance_cardiaque": false, 
"lee_score": null, 
"ultrasound": false,
"alcoholism": false,
"toxicomanie": false, 
"hemoglobin": 14.1,
"albuminemie": null,
"protidemie": null, 
"uremie": null, 
"creatininemie": null, 
"stroke": false, 
"HTIC": false, 
"migraine": false, 
"SAOS": false
}
